Script started on 2018-11-18 16:45:13-05:00
bash-4.4$ pwd
/gaul/s1/student/2018/abector/Courses/CS2211a/Asns/asn4
bash-4.4$ date
Sun Nov 18 16:45:19 EST 2018
bash-4.4$ who am i
abector  pts/7        2018-11-18 16:45
bash-4.4$ gcc data.c bst.c -o ./test
bash-4.4$ gcc data.c bst.c -o ./test[C[C[C[C[C[C[C[C[C[C[K./test
Enter the size of your bst: 10
Enter triples to insert into bst
Enter EOF character to end input
caa 2 3
bbb 5 6
ccc 3 6
cdd 7 8
ddd 9 4
Insertion error: index out of bounds
Hint: you might want to use a larger bst
baa 9 4
Insertion error: index out of bounds
Hint: you might want to use a larger bst
bcc 3 1
Insertion error: index out of bounds
Hint: you might want to use a larger bst
Insertion error: index out of bounds
Hint: you might want to use a larger bst
Node= (Key= (name: bbb, ID: 5), data:6)
Node= (Key= (name: caa, ID: 2), data:3)
Node= (Key= (name: ccc, ID: 3), data:6)
Node= (Key= (name: cdd, ID: 7), data:8)
bash-4.4$ ./test
Enter the size of your bst: 20
Enter triples to insert into bst
Enter EOF character to end input
caa 2 3
bbb 5 6
ccc 3 6
cdd 7 8
ddd 9 4
baa 9 4
bcc 3 1
Node= (Key= (name: baa, ID: 9), data:4)
Node= (Key= (name: bbb, ID: 5), data:6)
Node= (Key= (name: bcc, ID: 3), data:1)
Node= (Key= (name: caa, ID: 2), data:3)
Node= (Key= (name: ccc, ID: 3), data:6)
Node= (Key= (name: cdd, ID: 7), data:8)
Node= (Key= (name: ddd, ID: 9), data:4)
bash-4.4$ ./test
Enter the size of your bst: 20
Enter triples to insert into bst
Enter EOF character to end input
bcc 3 1
baa 9 4
ddd 9 4
cdd 7 8
ccc 3 6
bbb 5 6
caa 5 6
Insertion error: index out of bounds
Hint: you might want to use a larger bst
Insertion error: index out of bounds
Hint: you might want to use a larger bst
Node= (Key= (name: baa, ID: 9), data:4)
Node= (Key= (name: bbb, ID: 5), data:6)
Node= (Key= (name: bcc, ID: 3), data:1)
Node= (Key= (name: ccc, ID: 3), data:6)
Node= (Key= (name: cdd, ID: 7), data:8)
Node= (Key= (name: ddd, ID: 9), data:4)
bash-4.4$ ./test
Enter the size of your bst: 30
Enter triples to insert into bst
Enter EOF character to end input
^[[A^[[B        bcc 3 1
baa 9 4
ddd 9 4
ddd 9 4
cdd 7 8
ccc 3 6
bbb 5 6
caa 5 6
Node= (Key= (name: baa, ID: 9), data:4)
Node= (Key= (name: bbb, ID: 5), data:6)
Node= (Key= (name: bcc, ID: 3), data:1)
Node= (Key= (name: caa, ID: 5), data:6)
Node= (Key= (name: ccc, ID: 3), data:6)
Node= (Key= (name: cdd, ID: 7), data:8)
Node= (Key= (name: ddd, ID: 9), data:4)
bash-4.4$ ./test
Enter the size of your bst: 30
Enter triples to insert into bst
Enter EOF character to end input
aaa 1 1
aaa 2 1 2
aaa 3 3
aaa 4 4
aaa 5 5
Insertion error: index out of bounds
Hint: you might want to use a larger bst
Insertion error: index out of bounds
Hint: you might want to use a larger bst
Node= (Key= (name: aaa, ID: 1), data:1)
Node= (Key= (name: aaa, ID: 2), data:2)
Node= (Key= (name: aaa, ID: 3), data:3)
Node= (Key= (name: aaa, ID: 4), data:4)
bash-4.4$ ./test
Enter the size of your bst: 40
Enter triples to insert into bst
Enter EOF character to end input
aaa 1 1
aaa 2 2
aaa 3 3
aaa 4 4
aaa 5 5
Node= (Key= (name: aaa, ID: 1), data:1)
Node= (Key= (name: aaa, ID: 2), data:2)
Node= (Key= (name: aaa, ID: 3), data:3)
Node= (Key= (name: aaa, ID: 4), data:4)
Node= (Key= (name: aaa, ID: 5), data:5)
bash-4.4$ ./test
Enter the size of your bst: 30
Enter triples to insert into bst
Enter EOF character to end input
aaa 3 3
aaa 2 2
aaa 4 4
aaa 1 1
aaa 5 5
Node= (Key= (name: aaa, ID: 1), data:1)
Node= (Key= (name: aaa, ID: 2), data:2)
Node= (Key= (name: aaa, ID: 3), data:3)
Node= (Key= (name: aaa, ID: 4), data:4)
Node= (Key= (name: aaa, ID: 5), data:5)
bash-4.4$ ./test
Enter the size of your bst: 40
Enter triples to insert into bst
Enter EOF character to end input
aaa 5 5
aaa 4 4
aaa 3 3
aaa 2 2
aaa 1 1
Node= (Key= (name: aaa, ID: 1), data:1)
Node= (Key= (name: aaa, ID: 2), data:2)
Node= (Key= (name: aaa, ID: 3), data:3)
Node= (Key= (name: aaa, ID: 4), data:4)
Node= (Key= (name: aaa, ID: 5), data:5)
bash-4.4$ ./test
Enter the size of your bst: 30
Enter triples to insert into bst
Enter EOF character to end input
aaa 5 5
aaa 4 4
aaa 3 3
aaa 2 2
aaa 1 1
aaa 0 0
Insertion error: index out of bounds
Hint: you might want to use a larger bst
Insertion error: index out of bounds
Hint: you might want to use a larger bst
Node= (Key= (name: aaa, ID: 1), data:1)
Node= (Key= (name: aaa, ID: 2), data:2)
Node= (Key= (name: aaa, ID: 3), data:3)
Node= (Key= (name: aaa, ID: 4), data:4)
Node= (Key= (name: aaa, ID: 5), data:5)
bash-4.4$ ./test
Enter the size of your bst: 40
Enter triples to insert into bst
Enter EOF character to end input
aaa 5 5
aaa 4 4
aaa 3 3
aaa 2 2
aaa 1 1
aaa 0 0
Node= (Key= (name: aaa, ID: 0), data:0)
Node= (Key= (name: aaa, ID: 1), data:1)
Node= (Key= (name: aaa, ID: 2), data:2)
Node= (Key= (name: aaa, ID: 3), data:3)
Node= (Key= (name: aaa, ID: 4), data:4)
Node= (Key= (name: aaa, ID: 5), data:5)
bash-4.4$ exit
exit

Script done on 2018-11-18 16:52:02-05:00
